✔ plugin supervisor keeps polling after host loss and follows a rotated host descriptor (1906.651667ms)
✔ a persisted Browser-host failure is offered for automatic reattachment (99.590875ms)
✔ browser_watch preserves two persisted jobs and supervises both isolated tabs (800.172791ms)
✔ in-app Browser policy is fixed to the authorized Chat surface (3.782834ms)
✔ goal prompt requires a machine-readable completion certificate (0.245542ms)
✔ completion parser stops only on the complete certificate shape (0.282208ms)
✔ completion detection requires a valid completion certificate (1.775041ms)
✔ authorization detector recognizes connector cards without a manual trigger (7.181917ms)
✔ authorization remains detectable while ChatGPT exposes stop-generating (0.130542ms)
✔ recoverable Browser context errors are distinguished from page failures (1.967667ms)
✔ page-load failures are detected without refreshing normal response errors (1.440709ms)
✔ renderer crash pages are recognized as recoverable tab failures (0.539375ms)
✔ a restored conversation refreshes itself when the Browser page cannot load (1224.519667ms)
✔ a restored job repairs a lost conversation id from its task-owned tab (4.222166ms)
✔ the secondary restored job repairs its own delayed conversation URL (2.538166ms)
✔ Browser reattachment rebinds an exact controlled conversation first (0.602709ms)
✔ Browser reattachment prefers the persisted task tab for a project-entry target (0.2485ms)
✔ Browser reattachment discards a persisted renderer-crash tab before opening a live tab (0.24875ms)
✔ Browser reattachment does not let a persisted tab cross project ownership (0.113708ms)
✔ Browser reattachment does not steal a persisted tab on an unrelated external page (0.082667ms)
✔ Browser reattachment retries a transient missing collection and accepts an envelope (752.969834ms)
✔ Browser reattachment claims an exact released conversation before opening a new tab (0.354334ms)
✔ Browser reattachment creates and preserves a target tab only as the final fallback (0.288083ms)
✔ authorization falls back to the direct Allow button when no session scope is available (0.77325ms)
✔ authorization closes an unusable scope menu and directly approves the card (355.899875ms)
✔ authorization treats a card that disappears during scope selection as resolved (358.41925ms)
✔ a persisted job automatically retries the same step after its tab binding is replaced (7.479667ms)
✔ a crashed bound tab is reloaded in place before the queue creates another tab (911.269042ms)
✔ a closed bound tab is detected and reattached to the same conversation (2.959ms)
✔ a persisted Browser-host failure is revived instead of treated as a terminal task failure (1.814042ms)
✔ two Browser goals keep isolated tabs while one pump advances both jobs (27.892708ms)
✔ the long-lived pump and HTTP-style supervisor ticks share one step lock (690.148917ms)
✔ runUntilTerminal returns when its active job is already terminal (4.485834ms)
✔ runUntilTerminal automatically reattaches the same job after a lease rotation (54.1795ms)
✔ a scheduled Browser slice yields persisted recovery state before its execution context expires (34.310916ms)
✔ lease rotation drains a decided fresh-chat handoff before yielding (10.898625ms)
✔ a Browser lease rotates into recoverable reattachment before its execution expires (30.560791ms)
✔ local Work bridge probes ownership and deduplicates an accepted event (16.880334ms)
✔ bridge rejects an unowned thread and never queues a message (1.320084ms)
✔ bridge rejects reuse of an event id for a different Work thread (3.936959ms)
✔ bridge can be disabled and descriptor is non-secret (1.146166ms)
✔ no wake for streaming, authorization, retry, missing state or old replies (37.363625ms)
✔ stable reply wakes Luna medium once; no reply body persisted or forwarded (5.811042ms)
✔ changing reply and interrupted settling reset stability (4.761625ms)
✔ delivery failure survives restart with same idempotency key (7.100917ms)
✔ different conversation, new user turn and cancellation never wake stale tasks (3.632167ms)
✔ registration requires real independent bridge, owned task and immutable watch identity (1.79775ms)
✔ real loopback host rejects registration without independent Work bridge (80.738167ms)
ℹ tests 48
ℹ suites 0
ℹ pass 48
ℹ fail 0
ℹ cancelled 0
ℹ skipped 0
ℹ todo 0
ℹ duration_ms 4707.742541
