✔ plugin supervisor keeps polling after host loss and follows a rotated host descriptor (1866.533334ms)
✔ a persisted Browser-host failure is offered for automatic reattachment (120.245333ms)
✔ browser_watch preserves two persisted jobs and supervises both isolated tabs (797.441625ms)
✔ in-app Browser policy is fixed to the authorized Chat surface (1.929709ms)
✔ goal prompt requires a machine-readable completion certificate (3.324ms)
✔ completion parser stops only on the complete certificate shape (0.32175ms)
✔ completion detection requires a valid completion certificate (1.623541ms)
✔ authorization detector recognizes connector cards without a manual trigger (7.787625ms)
✔ authorization remains detectable while ChatGPT exposes stop-generating (0.1385ms)
✔ recoverable Browser context errors are distinguished from page failures (1.850291ms)
✔ page-load failures are detected without refreshing normal response errors (1.262958ms)
✔ renderer crash pages are recognized as recoverable tab failures (0.107958ms)
✔ a restored conversation refreshes itself when the Browser page cannot load (1226.210375ms)
✔ a restored job repairs a lost conversation id from its task-owned tab (6.2915ms)
✔ the secondary restored job repairs its own delayed conversation URL (2.735375ms)
✔ Browser reattachment rebinds an exact controlled conversation first (0.574791ms)
✔ Browser reattachment prefers the persisted task tab for a project-entry target (0.209875ms)
✔ Browser reattachment discards a persisted renderer-crash tab before opening a live tab (0.249542ms)
✔ Browser reattachment does not let a persisted tab cross project ownership (0.150583ms)
✔ Browser reattachment does not steal a persisted tab on an unrelated external page (0.107417ms)
✔ Browser reattachment retries a transient missing collection and accepts an envelope (753.103208ms)
✔ Browser reattachment claims an exact released conversation before opening a new tab (0.284625ms)
✔ Browser reattachment creates and preserves a target tab only as the final fallback (0.2275ms)
✔ authorization falls back to the direct Allow button when no session scope is available (0.657041ms)
✔ authorization closes an unusable scope menu and directly approves the card (354.72325ms)
✔ authorization treats a card that disappears during scope selection as resolved (352.601584ms)
✔ a persisted job automatically retries the same step after its tab binding is replaced (10.292333ms)
✔ a crashed bound tab is reloaded in place before the queue creates another tab (908.70175ms)
✔ a closed bound tab is detected and reattached to the same conversation (6.0385ms)
✔ a persisted Browser-host failure is revived instead of treated as a terminal task failure (2.959709ms)
✔ two Browser goals keep isolated tabs while one pump advances both jobs (42.668625ms)
✔ the long-lived pump and HTTP-style supervisor ticks share one step lock (731.273334ms)
✔ runUntilTerminal returns when its active job is already terminal (12.425917ms)
✔ runUntilTerminal automatically reattaches the same job after a lease rotation (86.174875ms)
✔ a scheduled Browser slice yields persisted recovery state before its execution context expires (38.535125ms)
✔ lease rotation drains a decided fresh-chat handoff before yielding (24.047916ms)
✔ a Browser lease rotates into recoverable reattachment before its execution expires (62.524417ms)
✔ no wake for streaming, authorization, retry, missing state or old replies (43.58ms)
✔ stable reply wakes Luna medium once; no reply body persisted or forwarded (5.287958ms)
✔ changing reply and interrupted settling reset stability (10.912208ms)
✔ delivery failure survives restart with same idempotency key (4.86875ms)
✔ different conversation, new user turn and cancellation never wake stale tasks (4.576041ms)
✔ registration requires real independent bridge, owned task and immutable watch identity (1.287167ms)
✔ real loopback host rejects registration without independent Work bridge (45.7105ms)
ℹ tests 44
ℹ suites 0
ℹ pass 44
ℹ fail 0
ℹ cancelled 0
ℹ skipped 0
ℹ todo 0
ℹ duration_ms 4762.743541
